[*] Compiling kernel_main.c
[
Press any key to continue . . . 